../Core/Src/main.c:109:5:main	24	static
../Core/Src/main.c:202:6:SystemClock_Config	88	static
../Core/Src/main.c:249:13:MX_ADC1_Init	24	static
../Core/Src/main.c:310:13:MX_TIM2_Init	56	static
../Core/Src/main.c:359:13:MX_TIM3_Init	64	static
../Core/Src/main.c:422:13:MX_TIM5_Init	32	static
../Core/Src/main.c:467:13:MX_USART2_UART_Init	8	static
../Core/Src/main.c:498:13:MX_DMA_Init	16	static
../Core/Src/main.c:516:13:MX_GPIO_Init	48	static
../Core/Src/main.c:555:7:control_interrupt	4	static
../Core/Src/main.c:566:6:velocity	16	static
../Core/Src/main.c:583:6:HAL_TIM_PeriodElapsedCallback	24	static
../Core/Src/main.c:590:10:micros	12	static
../Core/Src/main.c:593:6:HAL_GPIO_EXTI_Callback	16	static
../Core/Src/main.c:609:6:Error_Handler	4	static,ignoring_inline_asm
