../Core/Src/main.c:102:5:main	24	static
../Core/Src/main.c:175:6:SystemClock_Config	88	static
../Core/Src/main.c:222:13:MX_TIM2_Init	56	static
../Core/Src/main.c:271:13:MX_TIM3_Init	64	static
../Core/Src/main.c:334:13:MX_TIM5_Init	32	static
../Core/Src/main.c:379:13:MX_USART2_UART_Init	8	static
../Core/Src/main.c:412:13:MX_GPIO_Init	48	static
../Core/Src/main.c:441:7:control_interrupt	4	static
../Core/Src/main.c:452:6:velocity	16	static
../Core/Src/main.c:469:6:HAL_TIM_PeriodElapsedCallback	24	static
../Core/Src/main.c:476:10:micros	12	static
../Core/Src/main.c:485:6:Error_Handler	4	static,ignoring_inline_asm
